npm error code ENOENT
npm error syscall open
npm error path /workspaces/strawberry/package.json
npm error errno -2
npm error enoent Could not read package.json: Error: ENOENT: no such file or directory, open '/workspaces/strawberry/package.json'
npm error enoent This is related to npm not being able to find a file.
npm error enoent
npm error A complete log of this run can be found in: /home/node/.npm/_logs/2025-12-22T22_19_25_286Z-debug-0.log
